
> mealmate@1.0.0 test
> vitest run src/__tests__/integration.test.jsx


[1m[7m[36m RUN [39m[27m[22m [36mv2.1.9 [39m[90mC:/Users/omare/Desktop/Project[39m

node.exe : 
[90mstderr[2m | src/_
_tests__/integration.te
st.jsx[2m > 
[22m[2mMealMate Core 
Integration Tests[2m 
> [22m[2mScenario: 
Adds recipe to 
planner, updates 
budget, checks grocery 
list, adds to pantry
At line:1 char:1
+ & "C:\Program 
Files\nodejs/node.exe" 
"C:\Program 
Files\nodejs/node_mo 
...
+ ~~~~~~~~~~~~~~~~~~~~~
~~~~~~~~~~~~~~~~~~~~~~~
~~~~~~~~~~~~~~~~~~~~~~~
~~
    + CategoryInfo     
         : NotSpecifi  
  ed: ([90mstderr[   
 2m... adds to pant    
ry:String) [], Rem    
oteException
    + FullyQualifiedEr 
   rorId : NativeComm  
  andError
 
[22m[39mΓÜá∩╕Å React 
Router Future Flag 
Warning: React Router 
will begin wrapping 
state updates in `React
.startTransition` in 
v7. You can use the 
`v7_startTransition` 
future flag to opt-in 
early. For more 
information, see https:
//reactrouter.com/v6/up
grading/future#v7_start
transition.
ΓÜá∩╕Å React Router 
Future Flag Warning: 
Relative route 
resolution within 
Splat routes is 
changing in v7. You 
can use the 
`v7_relativeSplatPath` 
future flag to opt-in 
early. For more 
information, see https:
//reactrouter.com/v6/up
grading/future#v7_relat
ivesplatpath.

[90mstderr[2m | src/_
_tests__/integration.te
st.jsx[2m > 
[22m[2mMealMate Core 
Integration Tests[2m 
> [22m[2mScenario: 
Adds recipe to 
planner, updates 
budget, checks grocery 
list, adds to pantry
[22m[39mWarning: 
Each child in a list 
should have a unique 
"key" prop.

Check the render 
method of 
`MealPlanner`. See http
s://reactjs.org/link/wa
rning-keys for more 
information.
    at MealPlanner (C:\
Users\omare\Desktop\Pro
ject\src\components\Mea
lPlanner\MealPlanner.js
x:109:57)
    at RenderedRoute (C
:\Users\omare\Desktop\P
roject\node_modules\rea
ct-router\dist\umd\reac
t-router.development.js
:539:7)
    at Routes (C:\Users
\omare\Desktop\Project\
node_modules\react-rout
er\dist\umd\react-route
r.development.js:1273:7
)
    at main
    at div
    at Router (C:\Users
\omare\Desktop\Project\
node_modules\react-rout
er\dist\umd\react-route
r.development.js:1207:1
7)
    at BrowserRouter (C
:\Users\omare\Desktop\P
roject\node_modules\rea
ct-router-dom\dist\umd\
react-router-dom.develo
pment.js:695:7)
    at App

 [31mΓ¥»[39m src/__tests__/integration.test.jsx [2m([22m[2m1 test[22m[2m | [22m[31m1 failed[39m[2m)[22m[90m 272[2mms[22m[39m
[31m   [31m├ù[31m MealMate Core Integration Tests[2m > [22mScenario: Adds recipe to planner, updates budget, checks grocery list, adds to pantry[90m 271[2mms[22m[31m[39m
[31m     ΓåÆ expected 'Γé¼0.00 estimated' not to be 'Γé¼0.00 estimated' // Object.is equality[39m

[31mΓÄ»ΓÄ»ΓÄ»ΓÄ»ΓÄ»ΓÄ»
ΓÄ»[1m[7m Failed 
Tests 1 [27m[22mΓÄ»ΓÄ
»ΓÄ»ΓÄ»ΓÄ»ΓÄ»ΓÄ»[39m

[31m[1m[7m FAIL 
[27m[22m[39m src/__t
ests__/integration.test
.jsx[2m > 
[22mMealMate Core 
Integration Tests[2m 
> [22mScenario: Adds 
recipe to planner, 
updates budget, checks 
grocery list, adds to 
pantry
[31m[1mAssertionError
[22m: expected 
'Γé¼0.00 estimated' 
not to be 'Γé¼0.00 
estimated' // 
Object.is equality[39m
[36m [2mΓ¥»[22m src/
__tests__/integration.t
est.jsx:[2m61:45[22m
[39m
    [90m 59| [39m    
    [90m// Check 
Budget Bar[39m
    [90m 60| [39m    
    [35mconst[39m 
budgetLabel 
[33m=[39m screen[33m
.[39m[34mgetByText[3
9m([36m/estimated/i[3
9m)[33m;[39m
    [90m 61| [39m    
    [34mexpect[39m(bu
dgetLabel[33m.[39mtex
tContent)[33m.[39mnot
[33m.[39m[34mtoBe[3
9m([32m'Γé¼0.00 estima
ted'[39m)[33m;[39m
    [90m   | [39m    
                       
                 
[31m^[39m
    [90m 62| [39m    
    [35mconst[39m 
budgetAmount 
[33m=[39m [34mparseF
loat[39m(budgetLabel[
33m.[39mtextContent[3
3m.[39m[34mreplac[39
mΓÇª
    [90m 63| [39m    
    [34mexpect[39m(bu
dgetAmount)[33m.[39m
[34mtoBeGreaterThan[39
m([34m0[39m)[33m;[3
9m

[31m[2mΓÄ»ΓÄ»ΓÄ»ΓÄ»ΓÄ
»ΓÄ»ΓÄ»ΓÄ»ΓÄ»ΓÄ»ΓÄ»ΓÄ»Γ
Ä»ΓÄ»ΓÄ»ΓÄ»ΓÄ»ΓÄ»ΓÄ»ΓÄ»
ΓÄ»ΓÄ»ΓÄ»ΓÄ»[1/1]ΓÄ»[2
2m[39m

[2m Test Files [22m [1m[31m1 failed[39m[22m[90m (1)[39m
[2m      Tests [22m [1m[31m1 failed[39m[22m[90m (1)[39m
[2m   Start at [22m 16:04:30
[2m   Duration [22m 1.37s[2m (transform 133ms, setup 58ms, collect 279ms, tests 272ms, environment 410ms, prepare 79ms)[22m

